../Core/Src/main.cpp:65:6:void make_sound(uint16_t)	24	static
../Core/Src/main.cpp:73:6:void HAL_I2S_TxHalfCpltCallback(I2S_HandleTypeDef*)	16	static
../Core/Src/main.cpp:78:6:void HAL_I2S_TxCpltCallback(I2S_HandleTypeDef*)	16	static
../Core/Src/main.cpp:88:5:int main()	16	static
../Core/Src/main.cpp:138:6:void SystemClock_Config()	104	static
../Core/Src/main.cpp:193:6:void Error_Handler()	4	static
../Core/Src/main.cpp:199:1:void __static_initialization_and_destruction_0(int, int)	16	static
../Core/Src/main.cpp:199:1:cpp)	8	static
../Core/Src/main.cpp:199:1:cpp)	8	static
